// Jest Snapshot v1, https://goo.gl/fbAQLP

exports[`AboutView Snapshot de la estructura HTML del componente AboutView.vue 1`] = `
<div>
  <h2>About...</h2>
</div>
`;
